// Jest Snapshot v1, https://goo.gl/fbAQLP

exports[`matches snapshot 1`] = `
<div
  className="contact"
>
  <h2
    className="contact__header"
  >
    Contact
  </h2>
  <hr
    className="break"
  />
  <p
    className="contact__caption"
  >
    If you have an oppurtunity to share, or would like or discuss anything, you can leave your details below.
  </p>
  <form
    className="contact__form"
  >
    <input
      className="contact__form__name"
      id="name"
      name="name"
      placeholder="Name"
      type="text"
    />
    <input
      className="contact__form__email"
      id="email"
      name="email"
      placeholder="E-mail"
      type="text"
    />
    <textarea
      className="contact__form__message"
      id="message"
      name="message"
      placeholder="Message"
    />
    <input
      className="contact__form__submit"
      id="submit"
      name="submit"
      type="submit"
    />
  </form>
</div>
`;
