// Jest Snapshot v1, https://goo.gl/fbAQLP

exports[`matches snapshot 1`] = `
<div
  className="about"
>
  <h2
    className="about__header"
  >
    About
  </h2>
  <hr
    className="break"
  />
  <div
    className="about__flex"
  >
    <div
      className="about__details"
    >
      <img
        alt=""
        className="about__img"
        src="https://freesvg.org/img/abstract-user-flat-4.png"
      />
      <p>
        A Mathematics graduate with a passion for creating, technology and learning.
      </p>
      <p>
        During my degree in 2018, I started learning game development and design in my spare time using Unity and C#. This gave me all the traits necessary to succeed when I decided to make the switch to full stack web development.
      </p>
      <p>
        I'm mainly interested in working with Javascript using React, NodeJS and Express, however I also have expeirience with C#, C++, Python and R.
      </p>
    </div>
    <div
      className="about__grid"
    >
      <li
        className="about__grid__item"
      >
        <img
          alt=""
          className="about__grid__item__icon"
          src="htmlLogo.svg"
        />
        <span
          className="about__grid__item__name"
        >
          HTML5
        </span>
      </li>
      <li
        className="about__grid__item"
      >
        <img
          alt=""
          className="about__grid__item__icon"
          src="cssLogo.svg"
        />
        <span
          className="about__grid__item__name"
        >
          CSS3
        </span>
      </li>
      <li
        className="about__grid__item"
      >
        <img
          alt=""
          className="about__grid__item__icon"
          src="jsLogo.svg"
        />
        <span
          className="about__grid__item__name"
        >
          Javascript
        </span>
      </li>
      <li
        className="about__grid__item"
      >
        <img
          alt=""
          className="about__grid__item__icon"
          src="reactLogo.svg"
        />
        <span
          className="about__grid__item__name"
        >
          React
        </span>
      </li>
      <li
        className="about__grid__item"
      >
        <img
          alt=""
          className="about__grid__item__icon"
          src="gitLogo.svg"
        />
        <span
          className="about__grid__item__name"
        >
          Git
        </span>
      </li>
      <li
        className="about__grid__item"
      >
        <img
          alt=""
          className="about__grid__item__icon"
          src="webpackLogo.svg"
        />
        <span
          className="about__grid__item__name"
        >
          Webpack
        </span>
      </li>
      <li
        className="about__grid__item"
      >
        <img
          alt=""
          className="about__grid__item__icon"
          src="reduxLogo.svg"
        />
        <span
          className="about__grid__item__name"
        >
          Redux
        </span>
      </li>
      <li
        className="about__grid__item"
      >
        <img
          alt=""
          className="about__grid__item__icon"
          src="npmLogo.svg"
        />
        <span
          className="about__grid__item__name"
        >
          npm
        </span>
      </li>
      <li
        className="about__grid__item"
      >
        <img
          alt=""
          className="about__grid__item__icon"
          src="jestLogo.svg"
        />
        <span
          className="about__grid__item__name"
        >
          Jest
        </span>
      </li>
    </div>
  </div>
</div>
`;
